[2025-11-11 13:59:06] [TRACE]   [OmnipathR] Reading JSON from `/home/marcelo.hurtado/.cache/OmnipathR/cache.json` (encoding: UTF-8).
[2025-11-11 13:59:06] [TRACE]   [OmnipathR] JSON validation successful: TRUE
[2025-11-11 13:59:06] [INFO]    [OmnipathR] Initialized cache: `/home/marcelo.hurtado/.cache/OmnipathR`.
[2025-11-11 13:59:06] [INFO]    [OmnipathR] Package `OmnipathR` packaged: 2025-11-05 10:18:26 UTC; marcelo.hurtado
[2025-11-11 13:59:06] [INFO]    [OmnipathR] Package `OmnipathR` date/publication: NA
[2025-11-11 13:59:06] [INFO]    [OmnipathR] Package `OmnipathR` built: R 4.3.1; ; 2025-11-05 10:18:27 UTC; unix
[2025-11-11 13:59:06] [INFO]    [OmnipathR] Package `OmnipathR` version: 3.17.9
[2025-11-11 13:59:06] [INFO]    [OmnipathR] Package `OmnipathR` repository: NA
[2025-11-11 13:59:06] [INFO]    [OmnipathR] Session info: [version=R version 4.3.1 (2023-06-16); os=Ubuntu 24.04.1 LTS; system=x86_64, linux-gnu; ui=RStudio; language=(EN); collate=en_US.UTF-8; ctype=en_US.UTF-8; tz=Europe/Paris; date=2025-11-11; rstudio=2024.09.1+394 Cranberry Hibiscus (desktop); pandoc=3.2 @ /usr/lib/rstudio/resources/app/bin/quarto/bin/tools/x86_64/ (via rmarkdown)]
[2025-11-11 13:59:06] [INFO]    [OmnipathR] External libraries: [cairo=1.18.0; cairoFT=; pango=1.52.1; png=1.6.43; jpeg=8.0; tiff=LIBTIFF, Version 4.3.0; tcl=8.6.14; curl=8.5.0; zlib=1.3; bzlib=1.0.8, 13-Jul-2019; xz=5.4.5; PCRE=10.42 2022-12-11; ICU=70.1; TRE=TRE 0.8.0 R_fixes (BSD); iconv=glibc 2.39; readline=8.2; BLAS=/usr/lib/x86_64-linux-gnu/openblas-pthread/libblas.so.3; lapack=/usr/lib/x86_64-linux-gnu/openblas-pthread/libopenblasp-r0.3.26.so; lapack_version=3.12.0]
[2025-11-11 13:59:07] [INFO]    [OmnipathR] Loaded packages: backports 1.5.0(2024-05-23); BiocParallel 1.36.0(2023-10-24); bit 4.0.5(2022-11-15); bit64 4.0.5(2020-08-30); blob 1.2.4(2023-03-17); Boruta 8.0.0(2022-11-12); broom 1.0.10(2025-09-13); cachem 1.1.0(2024-05-16); caret 6.0-94(2023-03-21); cellranger 1.1.0(2016-07-27); censored 0.3.3(2025-02-14); checkmate 2.3.2(2024-07-29); class 7.3-22(2023-05-03); cli 3.6.5(2025-04-23); codetools 0.2-19(2023-02-01); crayon 1.5.3(2024-06-20); curl 5.2.2(2024-08-26); data.table 1.16.0(2024-08-27); DBI 1.2.3(2024-06-02); decoupleR 2.9.7(2025-11-04); dials 1.4.2(2025-09-04); DiceDesign 1.10(2023-12-07); dichromat 2.0-0.1(2022-05-02); digest 0.6.37(2024-08-19); doParallel 1.0.17(2022-02-07); dplyr 1.1.4(2023-11-17); evaluate 0.24.0(2024-06-10); fansi 1.0.6(2023-12-08); farver 2.1.2(2024-05-13); fastmap 1.2.0(2024-05-15); foreach 1.5.2(2022-02-02); fs 1.6.4(2024-04-25); furrr 0.3.1(2022-08-15); future 1.67.0(2025-07-29); future.apply 1.11.2(2024-03-28); generics 0.1.3(2022-07-05); ggplot2 4.0.0(2025-09-11); globals 0.18.0(2025-05-08); glue 1.8.0(2024-09-30); gower 1.0.1(2022-12-22); GPfit 1.0-9(2025-04-12); gtable 0.3.6(2024-10-25); hardhat 1.4.2(2025-08-20); hms 1.1.3(2023-03-21); htmltools 0.5.8.1(2024-04-04); httr 1.4.7(2023-08-15); httr2 1.0.3(2024-08-22); igraph 2.0.3(2024-03-13); infer 1.0.9(2025-06-26); ipred 0.9-15(2024-07-18); iterators 1.0.14(2022-02-05); jsonlite 1.8.8(2023-12-04); knitr 1.50(2025-03-16); later 1.3.2(2023-12-06); lattice 0.21-8(2023-04-05); lava 1.8.0(2024-03-05); lhs 1.2.0(2024-06-30); lifecycle 1.0.4(2023-11-07); listenv 0.9.1(2024-01-29); logger 0.3.0(2024-03-05); lubridate 1.9.3(2023-09-27); magrittr 2.0.3(2022-03-30); MASS 7.3-60(2023-05-04); Matrix 1.6-4(2023-11-30); memoise 2.0.1(2021-11-26); modeldata 1.5.1(2025-08-22); ModelMetrics 1.2.2.2(2020-03-17); nlme 3.1-162(2023-01-31); nnet 7.3-19(2023-05-03); OmnipathR 3.17.9(2025-11-05); parallelly 1.45.1(2025-07-24); parsnip 1.3.3(2025-08-31); pillar 1.9.0(2023-03-22); pipeML 0.0.1(2025-11-10); pkgconfig 2.0.3(2019-09-22); plyr 1.8.9(2023-10-02); prettyunits 1.2.0(2023-09-24); pROC 1.18.5(2023-11-01); prodlim 2024.06.25(2024-06-24); progress 1.2.3(2023-12-06); purrr 1.1.0(2025-07-10); R.methodsS3 1.8.2(2022-06-13); R.oo 1.26.0(2024-01-24); R.utils 2.12.3(2023-11-18); R6 2.5.1(2021-08-19); rappdirs 0.3.3(2021-01-31); RColorBrewer 1.1-3(2022-04-03); Rcpp 1.1.0(2025-07-02); readr 2.1.5(2024-01-10); readxl 1.4.3(2023-07-06); recipes 1.3.1(2025-05-21); reshape2 1.4.4(2020-04-09); rlang 1.1.6(2025-04-11); rmarkdown 2.28(2024-08-17); rpart 4.1.19(2022-10-21); rsample 1.3.1(2025-07-29); RSQLite 2.3.7(2024-05-27); rstudioapi 0.17.1(2024-10-22); rvest 1.0.4(2024-02-12); S7 0.2.0(2024-11-07); scales 1.4.0(2025-04-24); sessioninfo 1.2.2(2021-12-06); stringi 1.8.4(2024-05-06); stringr 1.5.1(2023-11-14); survival 3.8-3(2024-12-17); tailor 0.1.0(2025-08-25); tibble 3.2.1(2023-03-20); tidymodels 1.4.1(2025-09-08); tidyr 1.3.1(2024-01-24); tidyselect 1.2.1(2024-03-11); timechange 0.3.0(2024-01-18); timeDate 4032.109(2023-12-14); tune 2.0.1(2025-10-17); tzdb 0.4.0(2023-05-12); utf8 1.2.4(2023-10-22); vctrs 0.6.5(2023-12-01); withr 3.0.2(2024-10-28); workflows 1.3.0(2025-08-27); workflowsets 1.1.1(2025-05-27); xfun 0.52(2025-04-02); XML 3.99-0.17(2024-06-25); xml2 1.3.6(2023-12-04); yaml 2.3.10(2024-07-26); yardstick 1.3.2(2025-01-22); zip 2.3.1(2024-01-27)
[2025-11-11 13:59:07] [INFO]    [OmnipathR] CURL: version: 8.5.0; ssl_version: OpenSSL/3.0.13; libz_version: 1.3; libssh_version: libssh/0.10.6/openssl/zlib; libidn_version: 2.3.7; host: x86_64-pc-linux-gnu; protocols: dict, file, ftp, ftps, gopher, gophers, http, https, imap, imaps, ldap, ldaps, mqtt, pop3, pop3s, rtmp, rtmpe, rtmps, rtmpt, rtmpte, rtmpts, rtsp, scp, sftp, smb, smbs, smtp, smtps, telnet, tftp; ipv6: TRUE; http2: TRUE; idn: TRUE
[2025-11-11 13:59:07] [TRACE]   [OmnipathR] Reading JSON from `/home/marcelo.hurtado/R/x86_64-pc-linux-gnu-library/4.3/OmnipathR/db/db_def.json` (encoding: UTF-8).
[2025-11-11 13:59:07] [TRACE]   [OmnipathR] JSON validation successful: TRUE
[2025-11-11 13:59:07] [TRACE]   [OmnipathR] Reading JSON from `/home/marcelo.hurtado/R/x86_64-pc-linux-gnu-library/4.3/OmnipathR/internal/magic_bytes.json` (encoding: UTF-8).
[2025-11-11 13:59:07] [TRACE]   [OmnipathR] JSON validation successful: TRUE
[2025-11-11 13:59:07] [TRACE]   [OmnipathR] Reading JSON from `/home/marcelo.hurtado/R/x86_64-pc-linux-gnu-library/4.3/OmnipathR/internal/urls.json` (encoding: UTF-8).
[2025-11-11 13:59:07] [TRACE]   [OmnipathR] JSON validation successful: TRUE
[2025-11-11 13:59:07] [TRACE]   [OmnipathR] Reading JSON from `/home/marcelo.hurtado/R/x86_64-pc-linux-gnu-library/4.3/OmnipathR/internal/id_types.json` (encoding: UTF-8).
[2025-11-11 13:59:07] [TRACE]   [OmnipathR] JSON validation successful: TRUE
[2025-11-11 13:59:07] [INFO]    [OmnipathR] Loading database `Ensembl and OMA organism names`.
[2025-11-11 13:59:07] [INFO]    [OmnipathR] Looking up in cache `https://www.ensembl.org/info/about/species.html`: key=7332486db7400730697234bad76ca0c8e4d00799, latest version=1.
[2025-11-11 13:59:07] [TRACE]   [OmnipathR] Cache file path: /home/marcelo.hurtado/.cache/OmnipathR/7332486db7400730697234bad76ca0c8e4d00799-1.html
[2025-11-11 13:59:07] [TRACE]   [OmnipathR] Downloading by `generic_downloader`.
[2025-11-11 13:59:07] [TRACE]   [OmnipathR] Looking up in cache: `https://omabrowser.org/All/oma-species.txt`.
[2025-11-11 13:59:07] [TRACE]   [OmnipathR] Loaded data from RDS `/home/marcelo.hurtado/.cache/OmnipathR/30e690cbb55dfc63b5903ab337f34ffc2f4be397-1.rds`.
[2025-11-11 13:59:07] [TRACE]   [OmnipathR] Downloading by `generic_downloader`.
[2025-11-11 13:59:07] [TRACE]   [OmnipathR] Looking up in cache: `https://ftp.expasy.org/databases/uniprot/current_release/knowledgebase/complete/docs/speclist.txt`.
[2025-11-11 13:59:07] [TRACE]   [OmnipathR] Loaded data from RDS `/home/marcelo.hurtado/.cache/OmnipathR/56ad6544dc07a2222fa6013d8d83e6e5a35fdf33-1.rds`.
[2025-11-11 13:59:07] [INFO]    [OmnipathR] Loaded database `Ensembl and OMA organism names`.
[2025-11-11 13:59:07] [TRACE]   [OmnipathR] Processing args for OmniPath query
[2025-11-11 13:59:07] [TRACE]   [OmnipathR] Arguments for OmniPath query: [loops=TRUE,extra_attrs=TRUE,organisms=9606,genesymbols=TRUE,query_type=interactions,datasets=collectri]
[2025-11-11 13:59:07] [TRACE]   [OmnipathR] Organism(s): 9606
[2025-11-11 13:59:07] [TRACE]   [OmnipathR] Orthology targets: 
[2025-11-11 13:59:07] [TRACE]   [OmnipathR] Looking up in cache: `https://omnipathdb.org/interactions?genesymbols=yes&datasets=collectri&organisms=9606&fields=extra_attrs,sources,references,curation_effort&loops=yes&license=academic`
[2025-11-11 13:59:07] [TRACE]   [OmnipathR] Loaded data from RDS `/home/marcelo.hurtado/.cache/OmnipathR/76e3673f92890910194d45678b3125a5674920d6-1.rds`.
[2025-11-11 13:59:07] [INFO]    [OmnipathR] Loaded from cache: `https://omnipathdb.org/interactions?genesymbols=yes&datasets=collectri&organisms=9606&fields=extra_attrs,sources,references,curation_effort&loops=yes&license=academic`
[2025-11-11 13:59:07] [TRACE]   [OmnipathR] Converting JSON column `extra_attrs` to list.
[2025-11-11 13:59:09] [SUCCESS] [OmnipathR] Loaded 64979 interactions from cache.
[2025-11-11 13:59:09] [TRACE]   [OmnipathR] Processing args for OmniPath query
[2025-11-11 13:59:09] [TRACE]   [OmnipathR] Arguments for OmniPath query: [genesymbols=TRUE,resources=CollecTRI,strict_evidences=TRUE,extra_attrs=TRUE,query_type=interactions,datasets=tf_mirna]
[2025-11-11 13:59:09] [TRACE]   [OmnipathR] Organism(s): 9606
[2025-11-11 13:59:09] [TRACE]   [OmnipathR] Orthology targets: 
[2025-11-11 13:59:09] [TRACE]   [OmnipathR] Reading JSON from `https://omnipathdb.org/resources` (encoding: UTF-8).
[2025-11-11 13:59:09] [TRACE]   [OmnipathR] JSON validation successful: TRUE
[2025-11-11 13:59:09] [TRACE]   [OmnipathR] Looking up in cache: `https://omnipathdb.org/interactions?genesymbols=yes&resources=CollecTRI&datasets=tf_mirna&organisms=9606&fields=extra_attrs,evidences,sources,references,curation_effort&license=academic`
[2025-11-11 13:59:09] [TRACE]   [OmnipathR] Loaded data from RDS `/home/marcelo.hurtado/.cache/OmnipathR/911416570c2aaa914be32ebf7b85e1eb3d1ff162-1.rds`.
[2025-11-11 13:59:09] [INFO]    [OmnipathR] Loaded from cache: `https://omnipathdb.org/interactions?genesymbols=yes&resources=CollecTRI&datasets=tf_mirna&organisms=9606&fields=extra_attrs,evidences,sources,references,curation_effort&license=academic`
[2025-11-11 13:59:09] [TRACE]   [OmnipathR] Converting JSON column `extra_attrs` to list.
[2025-11-11 13:59:09] [TRACE]   [OmnipathR] Converting JSON column `evidences` to list.
[2025-11-11 13:59:09] [TRACE]   [OmnipathR] Restricting interaction records to datasets: tf_mirna; and resources: CollecTRI
[2025-11-11 13:59:09] [TRACE]   [OmnipathR] Filtering evidence columns: positive, negative, directed, undirected; to datasets: tf_mirna; and resources: CollecTRI; excluding resources: none
[2025-11-11 13:59:09] [SUCCESS] [OmnipathR] Loaded 207 interactions from cache.
[2025-11-11 13:59:11] [TRACE]   [OmnipathR] Reading JSON from `https://omnipathdb.org/resources` (encoding: UTF-8).
[2025-11-11 13:59:11] [TRACE]   [OmnipathR] JSON validation successful: TRUE
[2025-11-11 13:59:11] [TRACE]   [OmnipathR] Processing args for OmniPath query
[2025-11-11 13:59:11] [TRACE]   [OmnipathR] Arguments for OmniPath query: [wide=TRUE,resources=PROGENy,query_type=annotations]
[2025-11-11 13:59:11] [TRACE]   [OmnipathR] Organism(s): 9606
[2025-11-11 13:59:11] [TRACE]   [OmnipathR] Orthology targets: 
[2025-11-11 13:59:11] [TRACE]   [OmnipathR] Reading JSON from `https://omnipathdb.org/resources` (encoding: UTF-8).
[2025-11-11 13:59:12] [TRACE]   [OmnipathR] JSON validation successful: TRUE
[2025-11-11 13:59:12] [TRACE]   [OmnipathR] Looking up in cache: `https://omnipathdb.org/annotations?resources=PROGENy&license=academic`
[2025-11-11 13:59:12] [TRACE]   [OmnipathR] Loaded data from RDS `/home/marcelo.hurtado/.cache/OmnipathR/3492392585ba05414edfae46801492076437d7e7-1.rds`.
[2025-11-11 13:59:12] [INFO]    [OmnipathR] Loaded from cache: `https://omnipathdb.org/annotations?resources=PROGENy&license=academic`
[2025-11-11 13:59:12] [SUCCESS] [OmnipathR] Loaded 699831 annotation records from cache.
