[2024-11-30 22:10:48] [INFO]    [OmnipathR] Welcome to OmnipathR!
[2024-11-30 22:10:48] [TRACE]   [OmnipathR] Reading JSON from `/home/marcelo.hurtado/.cache/OmnipathR/cache.json` (encoding: UTF-8).
[2024-11-30 22:10:48] [TRACE]   [OmnipathR] JSON validation successful: TRUE
[2024-11-30 22:10:48] [INFO]    [OmnipathR] Initialized cache: `/home/marcelo.hurtado/.cache/OmnipathR`.
[2024-11-30 22:10:48] [TRACE]   [OmnipathR] Reading JSON from `/home/marcelo.hurtado/R/x86_64-pc-linux-gnu-library/4.3/OmnipathR/db/db_def.json` (encoding: UTF-8).
[2024-11-30 22:10:48] [TRACE]   [OmnipathR] JSON validation successful: TRUE
[2024-11-30 22:10:48] [TRACE]   [OmnipathR] Reading JSON from `/home/marcelo.hurtado/R/x86_64-pc-linux-gnu-library/4.3/OmnipathR/internal/magic_bytes.json` (encoding: UTF-8).
[2024-11-30 22:10:48] [TRACE]   [OmnipathR] JSON validation successful: TRUE
[2024-11-30 22:10:48] [TRACE]   [OmnipathR] Reading JSON from `/home/marcelo.hurtado/R/x86_64-pc-linux-gnu-library/4.3/OmnipathR/internal/urls.json` (encoding: UTF-8).
[2024-11-30 22:10:48] [TRACE]   [OmnipathR] JSON validation successful: TRUE
[2024-11-30 22:10:48] [TRACE]   [OmnipathR] Reading JSON from `/home/marcelo.hurtado/R/x86_64-pc-linux-gnu-library/4.3/OmnipathR/internal/id_types.json` (encoding: UTF-8).
[2024-11-30 22:10:48] [TRACE]   [OmnipathR] JSON validation successful: TRUE
[2024-11-30 22:10:48] [INFO]    [OmnipathR] Loading database `Ensembl and OMA organism names`.
[2024-11-30 22:10:48] [INFO]    [OmnipathR] Looking up in cache `https://www.ensembl.org/info/about/species.html`: key=7332486db7400730697234bad76ca0c8e4d00799, latest version=1.
[2024-11-30 22:10:48] [TRACE]   [OmnipathR] Cache file path: /home/marcelo.hurtado/.cache/OmnipathR/7332486db7400730697234bad76ca0c8e4d00799-1.html
[2024-11-30 22:10:48] [TRACE]   [OmnipathR] Looking up in cache: `https://omabrowser.org/All/oma-species.txt`.
[2024-11-30 22:10:48] [TRACE]   [OmnipathR] Loaded data from RDS `/home/marcelo.hurtado/.cache/OmnipathR/30e690cbb55dfc63b5903ab337f34ffc2f4be397-1.rds`.
[2024-11-30 22:10:48] [INFO]    [OmnipathR] Loaded database `Ensembl and OMA organism names`.
[2024-11-30 22:10:48] [TRACE]   [OmnipathR] Looking up in cache: `https://omnipathdb.org/interactions?genesymbols=yes&datasets=collectri&organisms=9606&dorothea_levels=A,B&fields=evidences,sources,references,curation_effort&license=academic`
[2024-11-30 22:10:49] [TRACE]   [OmnipathR] Loaded data from RDS `/home/marcelo.hurtado/.cache/OmnipathR/099e7af92f71a88d7560d65cea14c1970f66c0b6-1.rds`.
[2024-11-30 22:10:49] [INFO]    [OmnipathR] Loaded from cache: `https://omnipathdb.org/interactions?genesymbols=yes&datasets=collectri&organisms=9606&dorothea_levels=A,B&fields=evidences,sources,references,curation_effort&license=academic`
[2024-11-30 22:10:49] [TRACE]   [OmnipathR] Converting JSON column `evidences` to list.
[2024-11-30 22:10:50] [TRACE]   [OmnipathR] Restricting interaction records to datasets: collectri; and resources: any
[2024-11-30 22:10:52] [TRACE]   [OmnipathR] Filtering evidence columns: positive, negative, directed, undirected; to datasets: collectri; and resources: any
[2024-11-30 22:11:23] [SUCCESS] [OmnipathR] Downloaded 64495 interactions.
[2024-11-30 22:11:28] [TRACE]   [OmnipathR] Looking up in cache: `https://omnipathdb.org/interactions?genesymbols=yes&datasets=collectri&organisms=9606&dorothea_levels=A,B&fields=evidences,sources,references,curation_effort&license=academic`
[2024-11-30 22:11:29] [TRACE]   [OmnipathR] Loaded data from RDS `/home/marcelo.hurtado/.cache/OmnipathR/099e7af92f71a88d7560d65cea14c1970f66c0b6-1.rds`.
[2024-11-30 22:11:29] [INFO]    [OmnipathR] Loaded from cache: `https://omnipathdb.org/interactions?genesymbols=yes&datasets=collectri&organisms=9606&dorothea_levels=A,B&fields=evidences,sources,references,curation_effort&license=academic`
[2024-11-30 22:11:29] [TRACE]   [OmnipathR] Converting JSON column `evidences` to list.
[2024-11-30 22:11:30] [TRACE]   [OmnipathR] Restricting interaction records to datasets: collectri; and resources: any
[2024-11-30 22:11:32] [TRACE]   [OmnipathR] Filtering evidence columns: positive, negative, directed, undirected; to datasets: collectri; and resources: any
[2024-11-30 22:12:04] [SUCCESS] [OmnipathR] Downloaded 64495 interactions.
[2024-11-30 22:12:11] [TRACE]   [OmnipathR] Looking up in cache: `https://omnipathdb.org/interactions?genesymbols=yes&datasets=collectri&organisms=9606&dorothea_levels=A,B&fields=evidences,sources,references,curation_effort&license=academic`
[2024-11-30 22:12:11] [TRACE]   [OmnipathR] Loaded data from RDS `/home/marcelo.hurtado/.cache/OmnipathR/099e7af92f71a88d7560d65cea14c1970f66c0b6-1.rds`.
[2024-11-30 22:12:11] [INFO]    [OmnipathR] Loaded from cache: `https://omnipathdb.org/interactions?genesymbols=yes&datasets=collectri&organisms=9606&dorothea_levels=A,B&fields=evidences,sources,references,curation_effort&license=academic`
[2024-11-30 22:12:11] [TRACE]   [OmnipathR] Converting JSON column `evidences` to list.
[2024-11-30 22:12:13] [TRACE]   [OmnipathR] Restricting interaction records to datasets: collectri; and resources: any
[2024-11-30 22:12:16] [TRACE]   [OmnipathR] Filtering evidence columns: positive, negative, directed, undirected; to datasets: collectri; and resources: any
[2024-11-30 22:12:47] [SUCCESS] [OmnipathR] Downloaded 64495 interactions.
[2024-11-30 22:12:51] [TRACE]   [OmnipathR] Looking up in cache: `https://omnipathdb.org/interactions?genesymbols=yes&datasets=collectri&organisms=9606&dorothea_levels=A,B&fields=evidences,sources,references,curation_effort&license=academic`
[2024-11-30 22:12:52] [TRACE]   [OmnipathR] Loaded data from RDS `/home/marcelo.hurtado/.cache/OmnipathR/099e7af92f71a88d7560d65cea14c1970f66c0b6-1.rds`.
[2024-11-30 22:12:52] [INFO]    [OmnipathR] Loaded from cache: `https://omnipathdb.org/interactions?genesymbols=yes&datasets=collectri&organisms=9606&dorothea_levels=A,B&fields=evidences,sources,references,curation_effort&license=academic`
[2024-11-30 22:12:52] [TRACE]   [OmnipathR] Converting JSON column `evidences` to list.
[2024-11-30 22:12:53] [TRACE]   [OmnipathR] Restricting interaction records to datasets: collectri; and resources: any
[2024-11-30 22:12:55] [TRACE]   [OmnipathR] Filtering evidence columns: positive, negative, directed, undirected; to datasets: collectri; and resources: any
[2024-11-30 22:13:28] [SUCCESS] [OmnipathR] Downloaded 64495 interactions.
[2024-11-30 22:13:30] [TRACE]   [OmnipathR] Looking up in cache: `https://omnipathdb.org/interactions?genesymbols=yes&datasets=collectri&organisms=9606&dorothea_levels=A,B&fields=evidences,sources,references,curation_effort&license=academic`
[2024-11-30 22:13:31] [TRACE]   [OmnipathR] Loaded data from RDS `/home/marcelo.hurtado/.cache/OmnipathR/099e7af92f71a88d7560d65cea14c1970f66c0b6-1.rds`.
[2024-11-30 22:13:31] [INFO]    [OmnipathR] Loaded from cache: `https://omnipathdb.org/interactions?genesymbols=yes&datasets=collectri&organisms=9606&dorothea_levels=A,B&fields=evidences,sources,references,curation_effort&license=academic`
[2024-11-30 22:13:31] [TRACE]   [OmnipathR] Converting JSON column `evidences` to list.
[2024-11-30 22:13:33] [TRACE]   [OmnipathR] Restricting interaction records to datasets: collectri; and resources: any
[2024-11-30 22:13:35] [TRACE]   [OmnipathR] Filtering evidence columns: positive, negative, directed, undirected; to datasets: collectri; and resources: any
[2024-11-30 22:14:06] [SUCCESS] [OmnipathR] Downloaded 64495 interactions.
[2024-11-30 22:14:07] [TRACE]   [OmnipathR] Looking up in cache: `https://omnipathdb.org/interactions?genesymbols=yes&datasets=collectri&organisms=9606&dorothea_levels=A,B&fields=evidences,sources,references,curation_effort&license=academic`
[2024-11-30 22:14:07] [TRACE]   [OmnipathR] Loaded data from RDS `/home/marcelo.hurtado/.cache/OmnipathR/099e7af92f71a88d7560d65cea14c1970f66c0b6-1.rds`.
[2024-11-30 22:14:07] [INFO]    [OmnipathR] Loaded from cache: `https://omnipathdb.org/interactions?genesymbols=yes&datasets=collectri&organisms=9606&dorothea_levels=A,B&fields=evidences,sources,references,curation_effort&license=academic`
[2024-11-30 22:14:07] [TRACE]   [OmnipathR] Converting JSON column `evidences` to list.
[2024-11-30 22:14:09] [TRACE]   [OmnipathR] Restricting interaction records to datasets: collectri; and resources: any
[2024-11-30 22:14:11] [TRACE]   [OmnipathR] Filtering evidence columns: positive, negative, directed, undirected; to datasets: collectri; and resources: any
[2024-11-30 22:14:43] [SUCCESS] [OmnipathR] Downloaded 64495 interactions.
[2024-11-30 22:14:47] [TRACE]   [OmnipathR] Looking up in cache: `https://omnipathdb.org/interactions?genesymbols=yes&datasets=collectri&organisms=9606&dorothea_levels=A,B&fields=evidences,sources,references,curation_effort&license=academic`
[2024-11-30 22:14:47] [TRACE]   [OmnipathR] Loaded data from RDS `/home/marcelo.hurtado/.cache/OmnipathR/099e7af92f71a88d7560d65cea14c1970f66c0b6-1.rds`.
[2024-11-30 22:14:47] [INFO]    [OmnipathR] Loaded from cache: `https://omnipathdb.org/interactions?genesymbols=yes&datasets=collectri&organisms=9606&dorothea_levels=A,B&fields=evidences,sources,references,curation_effort&license=academic`
[2024-11-30 22:14:47] [TRACE]   [OmnipathR] Converting JSON column `evidences` to list.
[2024-11-30 22:14:49] [TRACE]   [OmnipathR] Restricting interaction records to datasets: collectri; and resources: any
[2024-11-30 22:14:51] [TRACE]   [OmnipathR] Filtering evidence columns: positive, negative, directed, undirected; to datasets: collectri; and resources: any
[2024-11-30 22:15:20] [SUCCESS] [OmnipathR] Downloaded 64495 interactions.
[2024-11-30 22:15:21] [TRACE]   [OmnipathR] Looking up in cache: `https://omnipathdb.org/interactions?genesymbols=yes&datasets=collectri&organisms=9606&dorothea_levels=A,B&fields=evidences,sources,references,curation_effort&license=academic`
[2024-11-30 22:15:22] [TRACE]   [OmnipathR] Loaded data from RDS `/home/marcelo.hurtado/.cache/OmnipathR/099e7af92f71a88d7560d65cea14c1970f66c0b6-1.rds`.
[2024-11-30 22:15:22] [INFO]    [OmnipathR] Loaded from cache: `https://omnipathdb.org/interactions?genesymbols=yes&datasets=collectri&organisms=9606&dorothea_levels=A,B&fields=evidences,sources,references,curation_effort&license=academic`
[2024-11-30 22:15:22] [TRACE]   [OmnipathR] Converting JSON column `evidences` to list.
[2024-11-30 22:15:23] [TRACE]   [OmnipathR] Restricting interaction records to datasets: collectri; and resources: any
[2024-11-30 22:15:26] [TRACE]   [OmnipathR] Filtering evidence columns: positive, negative, directed, undirected; to datasets: collectri; and resources: any
[2024-11-30 22:15:53] [SUCCESS] [OmnipathR] Downloaded 64495 interactions.
[2024-11-30 22:15:55] [TRACE]   [OmnipathR] Looking up in cache: `https://omnipathdb.org/interactions?genesymbols=yes&datasets=collectri&organisms=9606&dorothea_levels=A,B&fields=evidences,sources,references,curation_effort&license=academic`
[2024-11-30 22:15:55] [TRACE]   [OmnipathR] Loaded data from RDS `/home/marcelo.hurtado/.cache/OmnipathR/099e7af92f71a88d7560d65cea14c1970f66c0b6-1.rds`.
[2024-11-30 22:15:55] [INFO]    [OmnipathR] Loaded from cache: `https://omnipathdb.org/interactions?genesymbols=yes&datasets=collectri&organisms=9606&dorothea_levels=A,B&fields=evidences,sources,references,curation_effort&license=academic`
[2024-11-30 22:15:55] [TRACE]   [OmnipathR] Converting JSON column `evidences` to list.
[2024-11-30 22:15:57] [TRACE]   [OmnipathR] Restricting interaction records to datasets: collectri; and resources: any
[2024-11-30 22:15:58] [TRACE]   [OmnipathR] Filtering evidence columns: positive, negative, directed, undirected; to datasets: collectri; and resources: any
[2024-11-30 22:16:27] [SUCCESS] [OmnipathR] Downloaded 64495 interactions.
[2024-11-30 22:16:31] [TRACE]   [OmnipathR] Looking up in cache: `https://omnipathdb.org/interactions?genesymbols=yes&datasets=collectri&organisms=9606&dorothea_levels=A,B&fields=evidences,sources,references,curation_effort&license=academic`
[2024-11-30 22:16:31] [TRACE]   [OmnipathR] Loaded data from RDS `/home/marcelo.hurtado/.cache/OmnipathR/099e7af92f71a88d7560d65cea14c1970f66c0b6-1.rds`.
[2024-11-30 22:16:31] [INFO]    [OmnipathR] Loaded from cache: `https://omnipathdb.org/interactions?genesymbols=yes&datasets=collectri&organisms=9606&dorothea_levels=A,B&fields=evidences,sources,references,curation_effort&license=academic`
[2024-11-30 22:16:31] [TRACE]   [OmnipathR] Converting JSON column `evidences` to list.
[2024-11-30 22:16:33] [TRACE]   [OmnipathR] Restricting interaction records to datasets: collectri; and resources: any
[2024-11-30 22:16:36] [TRACE]   [OmnipathR] Filtering evidence columns: positive, negative, directed, undirected; to datasets: collectri; and resources: any
[2024-11-30 22:17:04] [SUCCESS] [OmnipathR] Downloaded 64495 interactions.
[2024-11-30 22:17:08] [TRACE]   [OmnipathR] Looking up in cache: `https://omnipathdb.org/interactions?genesymbols=yes&datasets=collectri&organisms=9606&dorothea_levels=A,B&fields=evidences,sources,references,curation_effort&license=academic`
[2024-11-30 22:17:08] [TRACE]   [OmnipathR] Loaded data from RDS `/home/marcelo.hurtado/.cache/OmnipathR/099e7af92f71a88d7560d65cea14c1970f66c0b6-1.rds`.
[2024-11-30 22:17:08] [INFO]    [OmnipathR] Loaded from cache: `https://omnipathdb.org/interactions?genesymbols=yes&datasets=collectri&organisms=9606&dorothea_levels=A,B&fields=evidences,sources,references,curation_effort&license=academic`
[2024-11-30 22:17:08] [TRACE]   [OmnipathR] Converting JSON column `evidences` to list.
[2024-11-30 22:17:10] [TRACE]   [OmnipathR] Restricting interaction records to datasets: collectri; and resources: any
[2024-11-30 22:17:11] [TRACE]   [OmnipathR] Filtering evidence columns: positive, negative, directed, undirected; to datasets: collectri; and resources: any
[2024-11-30 22:17:44] [SUCCESS] [OmnipathR] Downloaded 64495 interactions.
[2024-11-30 22:17:49] [TRACE]   [OmnipathR] Looking up in cache: `https://omnipathdb.org/interactions?genesymbols=yes&datasets=collectri&organisms=9606&dorothea_levels=A,B&fields=evidences,sources,references,curation_effort&license=academic`
[2024-11-30 22:17:49] [TRACE]   [OmnipathR] Loaded data from RDS `/home/marcelo.hurtado/.cache/OmnipathR/099e7af92f71a88d7560d65cea14c1970f66c0b6-1.rds`.
[2024-11-30 22:17:49] [INFO]    [OmnipathR] Loaded from cache: `https://omnipathdb.org/interactions?genesymbols=yes&datasets=collectri&organisms=9606&dorothea_levels=A,B&fields=evidences,sources,references,curation_effort&license=academic`
[2024-11-30 22:17:49] [TRACE]   [OmnipathR] Converting JSON column `evidences` to list.
[2024-11-30 22:17:51] [TRACE]   [OmnipathR] Restricting interaction records to datasets: collectri; and resources: any
[2024-11-30 22:17:54] [TRACE]   [OmnipathR] Filtering evidence columns: positive, negative, directed, undirected; to datasets: collectri; and resources: any
[2024-11-30 22:18:26] [SUCCESS] [OmnipathR] Downloaded 64495 interactions.
[2024-11-30 22:18:28] [TRACE]   [OmnipathR] Looking up in cache: `https://omnipathdb.org/interactions?genesymbols=yes&datasets=collectri&organisms=9606&dorothea_levels=A,B&fields=evidences,sources,references,curation_effort&license=academic`
[2024-11-30 22:18:29] [TRACE]   [OmnipathR] Loaded data from RDS `/home/marcelo.hurtado/.cache/OmnipathR/099e7af92f71a88d7560d65cea14c1970f66c0b6-1.rds`.
[2024-11-30 22:18:29] [INFO]    [OmnipathR] Loaded from cache: `https://omnipathdb.org/interactions?genesymbols=yes&datasets=collectri&organisms=9606&dorothea_levels=A,B&fields=evidences,sources,references,curation_effort&license=academic`
[2024-11-30 22:18:29] [TRACE]   [OmnipathR] Converting JSON column `evidences` to list.
[2024-11-30 22:18:31] [TRACE]   [OmnipathR] Restricting interaction records to datasets: collectri; and resources: any
[2024-11-30 22:18:33] [TRACE]   [OmnipathR] Filtering evidence columns: positive, negative, directed, undirected; to datasets: collectri; and resources: any
[2024-11-30 22:19:08] [SUCCESS] [OmnipathR] Downloaded 64495 interactions.
[2024-11-30 22:19:12] [TRACE]   [OmnipathR] Looking up in cache: `https://omnipathdb.org/interactions?genesymbols=yes&datasets=collectri&organisms=9606&dorothea_levels=A,B&fields=evidences,sources,references,curation_effort&license=academic`
[2024-11-30 22:19:13] [TRACE]   [OmnipathR] Loaded data from RDS `/home/marcelo.hurtado/.cache/OmnipathR/099e7af92f71a88d7560d65cea14c1970f66c0b6-1.rds`.
[2024-11-30 22:19:13] [INFO]    [OmnipathR] Loaded from cache: `https://omnipathdb.org/interactions?genesymbols=yes&datasets=collectri&organisms=9606&dorothea_levels=A,B&fields=evidences,sources,references,curation_effort&license=academic`
[2024-11-30 22:19:13] [TRACE]   [OmnipathR] Converting JSON column `evidences` to list.
[2024-11-30 22:19:15] [TRACE]   [OmnipathR] Restricting interaction records to datasets: collectri; and resources: any
[2024-11-30 22:19:17] [TRACE]   [OmnipathR] Filtering evidence columns: positive, negative, directed, undirected; to datasets: collectri; and resources: any
[2024-11-30 22:19:51] [SUCCESS] [OmnipathR] Downloaded 64495 interactions.
