[2024-12-06 00:21:13] [INFO]    [OmnipathR] Welcome to OmnipathR!
[2024-12-06 00:21:13] [TRACE]   [OmnipathR] Reading JSON from `/home/marcelo.hurtado/.cache/OmnipathR/cache.json` (encoding: UTF-8).
[2024-12-06 00:21:13] [TRACE]   [OmnipathR] JSON validation successful: TRUE
[2024-12-06 00:21:13] [INFO]    [OmnipathR] Initialized cache: `/home/marcelo.hurtado/.cache/OmnipathR`.
[2024-12-06 00:21:13] [TRACE]   [OmnipathR] Reading JSON from `/home/marcelo.hurtado/.cache/R/renv/cache/v5/R-4.3/x86_64-pc-linux-gnu/OmnipathR/3.10.1/41cbd1b2c8114dc4676d82f7804551e3/OmnipathR/db/db_def.json` (encoding: UTF-8).
[2024-12-06 00:21:13] [TRACE]   [OmnipathR] JSON validation successful: TRUE
[2024-12-06 00:21:13] [TRACE]   [OmnipathR] Reading JSON from `/home/marcelo.hurtado/.cache/R/renv/cache/v5/R-4.3/x86_64-pc-linux-gnu/OmnipathR/3.10.1/41cbd1b2c8114dc4676d82f7804551e3/OmnipathR/internal/magic_bytes.json` (encoding: UTF-8).
[2024-12-06 00:21:13] [TRACE]   [OmnipathR] JSON validation successful: TRUE
[2024-12-06 00:21:13] [TRACE]   [OmnipathR] Reading JSON from `/home/marcelo.hurtado/.cache/R/renv/cache/v5/R-4.3/x86_64-pc-linux-gnu/OmnipathR/3.10.1/41cbd1b2c8114dc4676d82f7804551e3/OmnipathR/internal/urls.json` (encoding: UTF-8).
[2024-12-06 00:21:13] [TRACE]   [OmnipathR] JSON validation successful: TRUE
[2024-12-06 00:21:13] [TRACE]   [OmnipathR] Reading JSON from `/home/marcelo.hurtado/.cache/R/renv/cache/v5/R-4.3/x86_64-pc-linux-gnu/OmnipathR/3.10.1/41cbd1b2c8114dc4676d82f7804551e3/OmnipathR/internal/id_types.json` (encoding: UTF-8).
[2024-12-06 00:21:13] [TRACE]   [OmnipathR] JSON validation successful: TRUE
[2024-12-06 00:23:46] [INFO]    [OmnipathR] Loading database `Ensembl and OMA organism names`.
[2024-12-06 00:23:46] [INFO]    [OmnipathR] Looking up in cache `https://www.ensembl.org/info/about/species.html`: key=7332486db7400730697234bad76ca0c8e4d00799, latest version=1.
[2024-12-06 00:23:46] [TRACE]   [OmnipathR] Cache file path: /home/marcelo.hurtado/.cache/OmnipathR/7332486db7400730697234bad76ca0c8e4d00799-1.html
[2024-12-06 00:23:46] [TRACE]   [OmnipathR] Looking up in cache: `https://omabrowser.org/All/oma-species.txt`.
[2024-12-06 00:23:46] [TRACE]   [OmnipathR] Loaded data from RDS `/home/marcelo.hurtado/.cache/OmnipathR/30e690cbb55dfc63b5903ab337f34ffc2f4be397-1.rds`.
[2024-12-06 00:23:46] [INFO]    [OmnipathR] Loaded database `Ensembl and OMA organism names`.
[2024-12-06 00:23:46] [TRACE]   [OmnipathR] Looking up in cache: `https://omnipathdb.org/interactions?genesymbols=yes&datasets=collectri&organisms=9606&dorothea_levels=A,B&fields=evidences,sources,references,curation_effort&license=academic`
[2024-12-06 00:23:47] [TRACE]   [OmnipathR] Loaded data from RDS `/home/marcelo.hurtado/.cache/OmnipathR/099e7af92f71a88d7560d65cea14c1970f66c0b6-1.rds`.
[2024-12-06 00:23:47] [INFO]    [OmnipathR] Loaded from cache: `https://omnipathdb.org/interactions?genesymbols=yes&datasets=collectri&organisms=9606&dorothea_levels=A,B&fields=evidences,sources,references,curation_effort&license=academic`
[2024-12-06 00:23:47] [TRACE]   [OmnipathR] Converting JSON column `evidences` to list.
[2024-12-06 00:23:50] [TRACE]   [OmnipathR] Restricting interaction records to datasets: collectri; and resources: any
[2024-12-06 00:23:53] [TRACE]   [OmnipathR] Filtering evidence columns: positive, negative, directed, undirected; to datasets: collectri; and resources: any
[2024-12-06 00:24:47] [SUCCESS] [OmnipathR] Downloaded 64495 interactions.
